yssource commented on 27 May 2019
Issue description
install pipenv with the latest head of git mater branch
git clone https://github.com/pypa/pipenv.git
cd ./pipenv
pip install -e .
pipenv --version
pipenv, version 2018.11.27.dev0
cd /tmp/hello
pipenv install -e . --dev
Expected result
Describe what you expected.
Actual result
Creating a virtualenv for this project…
Pipfile: /tmp/hello/Pipfile
Using /home/jimmy/.pyenv/shims/python (3.7.3) to create virtualenv…
⠇ Creating virtual environment...Using base prefix '/home/jimmy/.pyenv/versions/3.7-dev-debug'
New python executable in /tmp/hello/.venv/bin/python
Installing setuptools, pip, wheel...
done.
Running virtualenv with interpreter /home/jimmy/.pyenv/shims/python

✔ Successfully created virtual environment! 
Virtualenv location: /tmp/hello/.venv
Installing -e .…
Adding hello to Pipfile's [dev-packages]…
✔ Installation Succeeded 
Pipfile.lock (745b6d) out of date, updating to (293936)…
Locking [dev-packages] dependencies…
Building requirements...
Resolving dependencies...
✔ Success! 
Locking [packages] dependencies…
Building requirements...
Resolving dependencies...
✘ Locking Failed! 
/mnt/fedora-home/jimmy/workspace/devel/github/pypa/pipenv/pipenv/vendor/distlib/wheel.py:15: DeprecationWarning: the imp module is deprecated in favour of importlib; see the module's documentation for alternative uses
  import imp
/mnt/fedora-home/jimmy/workspace/devel/github/pypa/pipenv/pipenv/vendor/orderedmultidict/orderedmultidict.py:15: DeprecationWarning: Using or importing the ABCs from 'collections' instead of from 'collections.abc' is deprecated, and in 3.8 it will stop working
  from collections import MutableMapping
Traceback (most recent call last):
  File "/mnt/fedora-home/jimmy/workspace/devel/github/pypa/pipenv/pipenv/vendor/pyparsing.py", line 1548, in _parseNoCache
    loc,tokens = self.parseImpl( instring, preloc, doActions )
  File "/mnt/fedora-home/jimmy/workspace/devel/github/pypa/pipenv/pipenv/vendor/pyparsing.py", line 2622, in parseImpl
    if (instring[loc] == self.firstMatchChar and
IndexError: string index out of range

During handling of the above exception, another exception occurred:

Traceback (most recent call last):
  File "/mnt/fedora-home/jimmy/workspace/devel/github/pypa/pipenv/pipenv/vendor/packaging/markers.py", line 270, in __init__
    self._markers = _coerce_parse_result(MARKER.parseString(marker))
  File "/mnt/fedora-home/jimmy/workspace/devel/github/pypa/pipenv/pipenv/vendor/pyparsing.py", line 1814, in parseString
    raise exc
  File "/mnt/fedora-home/jimmy/workspace/devel/github/pypa/pipenv/pipenv/vendor/pyparsing.py", line 1804, in parseString
    loc, tokens = self._parse( instring, 0 )
  File "/mnt/fedora-home/jimmy/workspace/devel/github/pypa/pipenv/pipenv/vendor/pyparsing.py", line 1548, in _parseNoCache
    loc,tokens = self.parseImpl( instring, preloc, doActions )
  File "/mnt/fedora-home/jimmy/workspace/devel/github/pypa/pipenv/pipenv/vendor/pyparsing.py", line 3722, in parseImpl
    loc, exprtokens = e._parse( instring, loc, doActions )
  File "/mnt/fedora-home/jimmy/workspace/devel/github/pypa/pipenv/pipenv/vendor/pyparsing.py", line 1548, in _parseNoCache
    loc,tokens = self.parseImpl( instring, preloc, doActions )
  File "/mnt/fedora-home/jimmy/workspace/devel/github/pypa/pipenv/pipenv/vendor/pyparsing.py", line 4067, in parseImpl
    return self.expr._parse( instring, loc, doActions, callPreParse=False )
  File "/mnt/fedora-home/jimmy/workspace/devel/github/pypa/pipenv/pipenv/vendor/pyparsing.py", line 1548, in _parseNoCache
    loc,tokens = self.parseImpl( instring, preloc, doActions )
  File "/mnt/fedora-home/jimmy/workspace/devel/github/pypa/pipenv/pipenv/vendor/pyparsing.py", line 3705, in parseImpl
    loc, resultlist = self.exprs[0]._parse( instring, loc, doActions, callPreParse=False )
  File "/mnt/fedora-home/jimmy/workspace/devel/github/pypa/pipenv/pipenv/vendor/pyparsing.py", line 1548, in _parseNoCache
    loc,tokens = self.parseImpl( instring, preloc, doActions )
  File "/mnt/fedora-home/jimmy/workspace/devel/github/pypa/pipenv/pipenv/vendor/pyparsing.py", line 3886, in parseImpl
    raise maxException
  File "/mnt/fedora-home/jimmy/workspace/devel/github/pypa/pipenv/pipenv/vendor/pyparsing.py", line 3871, in parseImpl
    ret = e._parse( instring, loc, doActions )
  File "/mnt/fedora-home/jimmy/workspace/devel/github/pypa/pipenv/pipenv/vendor/pyparsing.py", line 1548, in _parseNoCache
    loc,tokens = self.parseImpl( instring, preloc, doActions )
  File "/mnt/fedora-home/jimmy/workspace/devel/github/pypa/pipenv/pipenv/vendor/pyparsing.py", line 4067, in parseImpl
    return self.expr._parse( instring, loc, doActions, callPreParse=False )
  File "/mnt/fedora-home/jimmy/workspace/devel/github/pypa/pipenv/pipenv/vendor/pyparsing.py", line 1548, in _parseNoCache
    loc,tokens = self.parseImpl( instring, preloc, doActions )
  File "/mnt/fedora-home/jimmy/workspace/devel/github/pypa/pipenv/pipenv/vendor/pyparsing.py", line 3705, in parseImpl
    loc, resultlist = self.exprs[0]._parse( instring, loc, doActions, callPreParse=False )
  File "/mnt/fedora-home/jimmy/workspace/devel/github/pypa/pipenv/pipenv/vendor/pyparsing.py", line 1548, in _parseNoCache
    loc,tokens = self.parseImpl( instring, preloc, doActions )
  File "/mnt/fedora-home/jimmy/workspace/devel/github/pypa/pipenv/pipenv/vendor/pyparsing.py", line 3886, in parseImpl
    raise maxException
  File "/mnt/fedora-home/jimmy/workspace/devel/github/pypa/pipenv/pipenv/vendor/pyparsing.py", line 3871, in parseImpl
    ret = e._parse( instring, loc, doActions )
  File "/mnt/fedora-home/jimmy/workspace/devel/github/pypa/pipenv/pipenv/vendor/pyparsing.py", line 1548, in _parseNoCache
    loc,tokens = self.parseImpl( instring, preloc, doActions )
  File "/mnt/fedora-home/jimmy/workspace/devel/github/pypa/pipenv/pipenv/vendor/pyparsing.py", line 3886, in parseImpl
    raise maxException
  File "/mnt/fedora-home/jimmy/workspace/devel/github/pypa/pipenv/pipenv/vendor/pyparsing.py", line 3871, in parseImpl
    ret = e._parse( instring, loc, doActions )
  File "/mnt/fedora-home/jimmy/workspace/devel/github/pypa/pipenv/pipenv/vendor/pyparsing.py", line 1550, in _parseNoCache
    raise ParseException( instring, len(instring), self.errmsg, self )
pyparsing.ParseException: Expected {Group:({{{"implementation_version" | "platform_python_implementation" | "implementation_name" | "python_full_version" | "platform_release" | "platform_version" | "platform_machine" | "platform_system" | "python_version" | "sys_platform" | "os_name" | "os.name" | "sys.platform" | "platform.version" | "platform.machine" | "platform.python_implementation" | "python_implementation" | "extra"} | {quoted string, starting with ' ending with ' | quoted string, starting with " ending with "}} {"===" | "==" | ">=" | "<=" | "!=" | "~=" | ">" | "<" | "not in" | "in"} {{"implementation_version" | "platform_python_implementation" | "implementation_name" | "python_full_version" | "platform_release" | "platform_version" | "platform_machine" | "platform_system" | "python_version" | "sys_platform" | "os_name" | "os.name" | "sys.platform" | "platform.version" | "platform.machine" | "platform.python_implementation" | "python_implementation" | "extra"} | {quoted string, starting with ' ending with ' | quoted string, starting with " ending with "}}}) | Group:({Suppress:("(") Forward: ... Suppress:(")")})} (at char 0), (line:1, col:1)

During handling of the above exception, another exception occurred:

Traceback (most recent call last):
  File "/mnt/fedora-home/jimmy/workspace/devel/github/pypa/pipenv/pipenv/resolver.py", line 799, in <module>
    main()
  File "/mnt/fedora-home/jimmy/workspace/devel/github/pypa/pipenv/pipenv/resolver.py", line 795, in main
    parsed.requirements_dir, parsed.packages, parse_only=parsed.parse_only)
  File "/mnt/fedora-home/jimmy/workspace/devel/github/pypa/pipenv/pipenv/resolver.py", line 769, in _main
    resolve_packages(pre, clear, verbose, system, write, requirements_dir, packages)
  File "/mnt/fedora-home/jimmy/workspace/devel/github/pypa/pipenv/pipenv/resolver.py", line 737, in resolve_packages
    requirements_dir=requirements_dir,
  File "/mnt/fedora-home/jimmy/workspace/devel/github/pypa/pipenv/pipenv/resolver.py", line 720, in resolve
    req_dir=requirements_dir
  File "/mnt/fedora-home/jimmy/workspace/devel/github/pypa/pipenv/pipenv/utils.py", line 1216, in resolve_deps
    req_dir=req_dir,
  File "/mnt/fedora-home/jimmy/workspace/devel/github/pypa/pipenv/pipenv/utils.py", line 939, in actually_resolve_deps
    resolver.resolve_constraints()
  File "/mnt/fedora-home/jimmy/workspace/devel/github/pypa/pipenv/pipenv/utils.py", line 701, in resolve_constraints
    marker = make_marker_from_specifier(candidate.requires_python)
  File "/mnt/fedora-home/jimmy/workspace/devel/github/pypa/pipenv/pipenv/utils.py", line 2092, in make_marker_from_specifier
    return Marker(marker_str)
  File "/mnt/fedora-home/jimmy/workspace/devel/github/pypa/pipenv/pipenv/vendor/packaging/markers.py", line 275, in __init__
    raise InvalidMarker(err_str)
pipenv.vendor.packaging.markers.InvalidMarker: Invalid marker: '', parse error at ''
/mnt/fedora-home/jimmy/workspace/devel/github/pypa/pipenv/pipenv/vendor/distlib/wheel.py:15: DeprecationWarning: the imp module is deprecated in favour of importlib; see the module's documentation for alternative uses

import imp
/mnt/fedora-home/jimmy/workspace/devel/github/pypa/pipenv/pipenv/vendor/orderedmultidict/orderedmultidict.py:15: DeprecationWarning: Using or importing the ABCs from 'collections' instead of from 'collections.abc' is deprecated, and in 3.8 it will stop working
  from collections import MutableMapping
Traceback (most recent call last):
  File "/mnt/fedora-home/jimmy/workspace/devel/github/pypa/pipenv/pipenv/vendor/pyparsing.py", line 1548, in _parseNoCache
    loc,tokens = self.parseImpl( instring, preloc, doActions )
  File "/mnt/fedora-home/jimmy/workspace/devel/github/pypa/pipenv/pipenv/vendor/pyparsing.py", line 2622, in parseImpl
    if (instring[loc] == self.firstMatchChar and
IndexError: string index out of range

During handling of the above exception, another exception occurred:

Traceback (most recent call last):
  File "/mnt/fedora-home/jimmy/workspace/devel/github/pypa/pipenv/pipenv/vendor/packaging/markers.py", line 270, in __init__
    self._markers = _coerce_parse_result(MARKER.parseString(marker))
  File "/mnt/fedora-home/jimmy/workspace/devel/github/pypa/pipenv/pipenv/vendor/pyparsing.py", line 1814, in parseString
    raise exc
  File "/mnt/fedora-home/jimmy/workspace/devel/github/pypa/pipenv/pipenv/vendor/pyparsing.py", line 1804, in parseString
    loc, tokens = self._parse( instring, 0 )
  File "/mnt/fedora-home/jimmy/workspace/devel/github/pypa/pipenv/pipenv/vendor/pyparsing.py", line 1548, in _parseNoCache
    loc,tokens = self.parseImpl( instring, preloc, doActions )
  File "/mnt/fedora-home/jimmy/workspace/devel/github/pypa/pipenv/pipenv/vendor/pyparsing.py", line 3722, in parseImpl
    loc, exprtokens = e._parse( instring, loc, doActions )
  File "/mnt/fedora-home/jimmy/workspace/devel/github/pypa/pipenv/pipenv/vendor/pyparsing.py", line 1548, in _parseNoCache
    loc,tokens = self.parseImpl( instring, preloc, doActions )
  File "/mnt/fedora-home/jimmy/workspace/devel/github/pypa/pipenv/pipenv/vendor/pyparsing.py", line 4067, in parseImpl
    return self.expr._parse( instring, loc, doActions, callPreParse=False )
  File "/mnt/fedora-home/jimmy/workspace/devel/github/pypa/pipenv/pipenv/vendor/pyparsing.py", line 1548, in _parseNoCache
    loc,tokens = self.parseImpl( instring, preloc, doActions )
  File "/mnt/fedora-home/jimmy/workspace/devel/github/pypa/pipenv/pipenv/vendor/pyparsing.py", line 3705, in parseImpl
    loc, resultlist = self.exprs[0]._parse( instring, loc, doActions, callPreParse=False )
  File "/mnt/fedora-home/jimmy/workspace/devel/github/pypa/pipenv/pipenv/vendor/pyparsing.py", line 1548, in _parseNoCache
    loc,tokens = self.parseImpl( instring, preloc, doActions )
  File "/mnt/fedora-home/jimmy/workspace/devel/github/pypa/pipenv/pipenv/vendor/pyparsing.py", line 3886, in parseImpl
    raise maxException
  File "/mnt/fedora-home/jimmy/workspace/devel/github/pypa/pipenv/pipenv/vendor/pyparsing.py", line 3871, in parseImpl
    ret = e._parse( instring, loc, doActions )
  File "/mnt/fedora-home/jimmy/workspace/devel/github/pypa/pipenv/pipenv/vendor/pyparsing.py", line 1548, in _parseNoCache
    loc,tokens = self.parseImpl( instring, preloc, doActions )
  File "/mnt/fedora-home/jimmy/workspace/devel/github/pypa/pipenv/pipenv/vendor/pyparsing.py", line 4067, in parseImpl
    return self.expr._parse( instring, loc, doActions, callPreParse=False )
  File "/mnt/fedora-home/jimmy/workspace/devel/github/pypa/pipenv/pipenv/vendor/pyparsing.py", line 1548, in _parseNoCache
    loc,tokens = self.parseImpl( instring, preloc, doActions )
  File "/mnt/fedora-home/jimmy/workspace/devel/github/pypa/pipenv/pipenv/vendor/pyparsing.py", line 3705, in parseImpl
    loc, resultlist = self.exprs[0]._parse( instring, loc, doActions, callPreParse=False )
  File "/mnt/fedora-home/jimmy/workspace/devel/github/pypa/pipenv/pipenv/vendor/pyparsing.py", line 1548, in _parseNoCache
    loc,tokens = self.parseImpl( instring, preloc, doActions )
  File "/mnt/fedora-home/jimmy/workspace/devel/github/pypa/pipenv/pipenv/vendor/pyparsing.py", line 3886, in parseImpl
    raise maxException
  File "/mnt/fedora-home/jimmy/workspace/devel/github/pypa/pipenv/pipenv/vendor/pyparsing.py", line 3871, in parseImpl
    ret = e._parse( instring, loc, doActions )
  File "/mnt/fedora-home/jimmy/workspace/devel/github/pypa/pipenv/pipenv/vendor/pyparsing.py", line 1548, in _parseNoCache
    loc,tokens = self.parseImpl( instring, preloc, doActions )
  File "/mnt/fedora-home/jimmy/workspace/devel/github/pypa/pipenv/pipenv/vendor/pyparsing.py", line 3886, in parseImpl
    raise maxException
  File "/mnt/fedora-home/jimmy/workspace/devel/github/pypa/pipenv/pipenv/vendor/pyparsing.py", line 3871, in parseImpl
    ret = e._parse( instring, loc, doActions )
  File "/mnt/fedora-home/jimmy/workspace/devel/github/pypa/pipenv/pipenv/vendor/pyparsing.py", line 1550, in _parseNoCache
    raise ParseException( instring, len(instring), self.errmsg, self )
pyparsing.ParseException: Expected {Group:({{{"implementation_version" | "platform_python_implementation" | "implementation_name" | "python_full_version" | "platform_release" | "platform_version" | "platform_machine" | "platform_system" | "python_version" | "sys_platform" | "os_name" | "os.name" | "sys.platform" | "platform.version" | "platform.machine" | "platform.python_implementation" | "python_implementation" | "extra"} | {quoted string, starting with ' ending with ' | quoted string, starting with " ending with "}} {"===" | "==" | ">=" | "<=" | "!=" | "~=" | ">" | "<" | "not in" | "in"} {{"implementation_version" | "platform_python_implementation" | "implementation_name" | "python_full_version" | "platform_release" | "platform_version" | "platform_machine" | "platform_system" | "python_version" | "sys_platform" | "os_name" | "os.name" | "sys.platform" | "platform.version" | "platform.machine" | "platform.python_implementation" | "python_implementation" | "extra"} | {quoted string, starting with ' ending with ' | quoted string, starting with " ending with "}}}) | Group:({Suppress:("(") Forward: ... Suppress:(")")})} (at char 0), (line:1, col:1)

During handling of the above exception, another exception occurred:

Traceback (most recent call last):
  File "/mnt/fedora-home/jimmy/workspace/devel/github/pypa/pipenv/pipenv/resolver.py", line 799, in <module>
    main()
  File "/mnt/fedora-home/jimmy/workspace/devel/github/pypa/pipenv/pipenv/resolver.py", line 795, in main
    parsed.requirements_dir, parsed.packages, parse_only=parsed.parse_only)
  File "/mnt/fedora-home/jimmy/workspace/devel/github/pypa/pipenv/pipenv/resolver.py", line 769, in _main
    resolve_packages(pre, clear, verbose, system, write, requirements_dir, packages)
  File "/mnt/fedora-home/jimmy/workspace/devel/github/pypa/pipenv/pipenv/resolver.py", line 737, in resolve_packages
    requirements_dir=requirements_dir,
  File "/mnt/fedora-home/jimmy/workspace/devel/github/pypa/pipenv/pipenv/resolver.py", line 720, in resolve
    req_dir=requirements_dir
  File "/mnt/fedora-home/jimmy/workspace/devel/github/pypa/pipenv/pipenv/utils.py", line 1216, in resolve_deps
    req_dir=req_dir,
  File "/mnt/fedora-home/jimmy/workspace/devel/github/pypa/pipenv/pipenv/utils.py", line 939, in actually_resolve_deps
    resolver.resolve_constraints()
  File "/mnt/fedora-home/jimmy/workspace/devel/github/pypa/pipenv/pipenv/utils.py", line 701, in resolve_constraints
    marker = make_marker_from_specifier(candidate.requires_python)
  File "/mnt/fedora-home/jimmy/workspace/devel/github/pypa/pipenv/pipenv/utils.py", line 2092, in make_marker_from_specifier
    return Marker(marker_str)
  File "/mnt/fedora-home/jimmy/workspace/devel/github/pypa/pipenv/pipenv/vendor/packaging/markers.py", line 275, in __init__
    raise InvalidMarker(err_str)
pipenv.vendor.packaging.markers.InvalidMarker: Invalid marker: '', parse error at ''
Steps to replicate
Provide the steps to replicate (which usually at least includes the commands and the Pipfile).
Please run $ pipenv --support, and paste the results here. Don't put backticks (`) around it! The output already contains Markdown formatting.
If you're on macOS, run the following:
$ pipenv --support | pbcopy
If you're on Windows, run the following:
> pipenv --support | clip
If you're on Linux, run the following:
$ pipenv --support | xclip
<details><summary>$ pipenv --support</summary>

Pipenv version: `'2018.11.27.dev0'`

Pipenv location: `'/mnt/fedora-home/jimmy/workspace/devel/github/pypa/pipenv/pipenv'`

Python location: `'/home/jimmy/.pyenv/versions/3.7-dev-debug/bin/python3.7'`

Python installations found:

  - `3.7.3`: `/home/jimmy/.pyenv/versions/3.7-dev-debug/bin/python3`
  - `3.7.3`: `/usr/bin/python3`
  - `3.7.3`: `/usr/bin/python3.7m`
  - `3.7.1`: `/home/jimmy/.pyenv/versions/anaconda3-2018.12/bin/python3`
  - `2.7.16`: `/usr/bin/python2`

PEP 508 Information:
{'implementation_name': 'cpython',
'implementation_version': '3.7.3',
'os_name': 'posix',
'platform_machine': 'x86_64',
'platform_python_implementation': 'CPython',
'platform_release': '4.19.46-1-MANJARO',
'platform_system': 'Linux',
'platform_version': '#1 SMP PREEMPT Sun May 26 09:55:24 UTC 2019',
'python_full_version': '3.7.3+',
'python_version': '3.7',
'sys_platform': 'linux'}
System environment variables:

  - `SHELL`
  - `PIPENV_PYPI_MIRROR`
  - `LSCOLORS`
  - `SESSION_MANAGER`
  - `WINDOWID`
  - `PYENV_HOOK_PATH`
  - `PIPENV_VENV_IN_PROJECT`
  - `COLORTERM`
  - `PYENV_SHELL`
  - `XDG_CONFIG_DIRS`
  - `LESS`
  - `XDG_SESSION_PATH`
  - `XDG_MENU_PREFIX`
  - `GTK_IM_MODULE`
  - `PKG_CONFIG_PATH`
  - `ABQ_HOME`
  - `LC_ADDRESS`
  - `LC_NAME`
  - `SSH_AUTH_SOCK`
  - `TF_HOME`
  - `XMODIFIERS`
  - `DESKTOP_SESSION`
  - `LC_MONETARY`
  - `SSH_AGENT_PID`
  - `XTENSOR_CMAKE_INSTALL_PREFIX`
  - `GDK_CORE_DEVICE_EVENTS`
  - `GPG_TTY`
  - `EDITOR`
  - `PYENV_VERSION`
  - `GTK_MODULES`
  - `XDG_SEAT`
  - `ABQ_CXX_TEST_HOME`
  - `PWD`
  - `PYENV_VIRTUALENV_INIT`
  - `LOGNAME`
  - `XDG_SESSION_DESKTOP`
  - `QT_QPA_PLATFORMTHEME`
  - `TFDIR`
  - `XDG_SESSION_TYPE`
  - `CXX`
  - `XAUTHORITY`
  - `XDG_GREETER_DATA_DIR`
  - `GTK2_RC_FILES`
  - `WINEARCH`
  - `HOME`
  - `AUTOJUMP_ERROR_PATH`
  - `LC_PAPER`
  - `LANG`
  - `WINEPREFIX`
  - `LS_COLORS`
  - `XDG_CURRENT_DESKTOP`
  - `VTE_VERSION`
  - `CMAKE_PREFIX_PATH`
  - `XDG_SEAT_PATH`
  - `PERL5LIB`
  - `PYENV_DIR`
  - `PIPENV_COLORBLIND`
  - `NVM_DIR`
  - `WORKON_HOME`
  - `XDG_SESSION_CLASS`
  - `PYTHONPATH`
  - `TERM`
  - `LC_IDENTIFICATION`
  - `ZSH`
  - `PERL_MB_OPT`
  - `USER`
  - `PIP_IGNORE_INSTALLED`
  - `PERL_MM_OPT`
  - `AUTOJUMP_SOURCED`
  - `DISPLAY`
  - `SHLVL`
  - `NVM_CD_FLAGS`
  - `PAGER`
  - `LC_TELEPHONE`
  - `QT_IM_MODULE`
  - `LC_MEASUREMENT`
  - `XDG_VTNR`
  - `XDG_SESSION_ID`
  - `LD_LIBRARY_PATH`
  - `MOZ_PLUGIN_PATH`
  - `LC_CTYPE`
  - `XDG_RUNTIME_DIR`
  - `ABQ_CXX_HOME`
  - `QTDIR`
  - `YAML_CPP_HOME`
  - `PYENV_ROOT`
  - `LC_TIME`
  - `LC_ALL`
  - `QT_AUTO_SCREEN_SCALE_FACTOR`
  - `XDG_DATA_DIRS`
  - `PERL_LOCAL_LIB_ROOT`
  - `PATH`
  - `CC`
  - `GDMSESSION`
  - `DBUS_SESSION_BUS_ADDRESS`
  - `HG`
  - `NVM_BIN`
  - `MAIL`
  - `PIPENV_PYTHON`
  - `LC_NUMERIC`
  - `OLDPWD`
  - `PIP_DISABLE_PIP_VERSION_CHECK`
  - `PYTHONDONTWRITEBYTECODE`
  - `PIP_SHIMS_BASE_MODULE`
  - `PIP_PYTHON_PATH`
  - `PYTHONFINDER_IGNORE_UNSUPPORTED`

Pipenv–specific environment variables:

 - `PIPENV_PYPI_MIRROR`: `https://pypi.tuna.tsinghua.edu.cn/simple/`
 - `PIPENV_VENV_IN_PROJECT`: `1`
 - `PIPENV_COLORBLIND`: `1`
 - `PIPENV_PYTHON`: `/home/jimmy/.pyenv/shims/python`

Debug–specific environment variables:

  - `PATH`: `/home/jimmy/.pyenv/versions/3.7-dev-debug/bin:/home/jimmy/.pyenv/libexec:/home/jimmy/.pyenv/plugins/python-build/bin:/home/jimmy/.pyenv/plugins/pyenv-virtualenv/bin:/home/jimmy/.pyenv/plugins/pyenv-update/bin:/home/jimmy/.pyenv/plugins/pyenv-doctor/bin:/home/jimmy/.local/bin:/home/jimmy/perl5/bin:/home/jimmy/.cask/bin:/opt/treefrog/bin:/home/jimmy/Qt/5.12.1/gcc_64/bin:/home/jimmy/.nvm/versions/node/v10.15.0/bin:/home/jimmy/perl5/bin:/home/jimmy/.pyenv/plugins/pyenv-virtualenv/shims:/home/jimmy/.pyenv/shims:/home/jimmy/.pyenv/bin:/usr/local/bin:/usr/bin:/bin:/usr/local/sbin:/usr/lib/jvm/default/bin:/usr/bin/site_perl:/usr/bin/vendor_perl:/usr/bin/core_perl`
  - `SHELL`: `/bin/zsh`
  - `EDITOR`: `vim`
  - `LANG`: `en_US.UTF-8`
  - `PWD`: `/tmp/hello`


---------------------------

Contents of `Pipfile` ('/tmp/hello/Pipfile'):

```toml
[[source]]
name = "pypi"
url = "https://pypi.org/simple"
verify_ssl = true

[dev-packages]
scipy = "*"
hello = {editable = true,path = "."}
widgetsnbextension = {editable = true,path = "."}

[packages]
jupyter = "*"

[requires]
python_version = "3.7"
Contents of Pipfile.lock ('/tmp/hello/Pipfile.lock'):
{
    "_meta": {
        "hash": {
            "sha256": "77c4f15d47eef212fb1d78d195efca1534614b8cfd1f2bc6c0380e4f40745b6d"
        },
        "pipfile-spec": 6,
        "requires": {
            "python_version": "3.7"
        },
        "sources": [
            {
                "name": "pypi",
                "url": "https://pypi.org/simple",
                "verify_ssl": true
            }
        ]
    },
    "default": {
        "attrs": {
            "markers": "python_version >= '2.7' and python_version not in '3.0, 3.1, 3.2, 3.3'",
            "version": "==19.1.0"
        },
        "backcall": {
            "version": "==0.1.0"
        },
        "bleach": {
            "markers": "python_version >= '2.7' and python_version not in '3.0, 3.1, 3.2, 3.3'",
            "version": "==3.1.0"
        },
        "decorator": {
            "version": "==4.4.0"
        },
        "defusedxml": {
            "markers": "python_version >= '2.7' and python_version not in '3.0, 3.1, 3.2, 3.3'",
            "version": "==0.6.0"
        },
        "entrypoints": {
            "markers": "python_version >= '2.7'",
            "version": "==0.3"
        },
        "ipykernel": {
            "markers": "python_version >= '3.4'",
            "version": "==5.1.1"
        },
        "ipython": {
            "markers": "python_version >= '3.3'",
            "version": "==7.5.0"
        },
        "ipython-genutils": {
            "version": "==0.2.0"
        },
        "ipywidgets": {
            "version": "==7.4.2"
        },
        "jedi": {
            "markers": "python_version >= '2.7' and python_version not in '3.0, 3.1, 3.2, 3.3'",
            "version": "==0.13.3"
        },
        "jinja2": {
            "version": "==2.10.1"
        },
        "jsonschema": {
            "version": "==3.0.1"
        },
        "jupyter": {
            "index": "pypi",
            "version": "==1.0.0"
        },
        "jupyter-client": {
            "markers": "python_version >= '2.7' and python_version not in '3.0, 3.1, 3.2, 3.3'",
            "version": "==5.2.4"
        },
        "jupyter-console": {
            "markers": "python_version >= '3.5'",
            "version": "==6.0.0"
        },
        "jupyter-core": {
            "version": "==4.4.0"
        },
        "markupsafe": {
            "markers": "python_version >= '2.7' and python_version not in '3.0, 3.1, 3.2, 3.3'",
            "version": "==1.1.1"
        },
        "mistune": {
            "version": "==0.8.4"
        },
        "nbconvert": {
            "markers": "python_version >= '2.7' and python_version not in '3.0, 3.1, 3.2, 3.3'",
            "version": "==5.5.0"
        },
        "nbformat": {
            "version": "==4.4.0"
        },
        "notebook": {
            "version": "==5.7.8"
        },
        "pandocfilters": {
            "version": "==1.4.2"
        },
        "parso": {
            "version": "==0.4.0"
        },
        "pexpect": {
            "markers": "sys_platform != 'win32'",
            "version": "==4.7.0"
        },
        "pickleshare": {
            "version": "==0.7.5"
        },
        "prometheus-client": {
            "version": "==0.6.0"
        },
        "prompt-toolkit": {
            "version": "==2.0.9"
        },
        "ptyprocess": {
            "markers": "os_name != 'nt'",
            "version": "==0.6.0"
        },
        "pygments": {
            "markers": "python_version >= '2.7' and python_version not in '3.0, 3.1, 3.2, 3.3'",
            "version": "==2.4.1"
        },
        "pyrsistent": {
            "version": "==0.15.2"
        },
        "python-dateutil": {
            "markers": "python_version >= '2.7' and python_version not in '3.0, 3.1, 3.2, 3.3'",
            "version": "==2.8.0"
        },
        "pyzmq": {
            "markers": "python_version >= '2.7' and python_version not in '3.0, 3.1, 3.2, 3.3'",
            "version": "==18.0.1"
        },
        "qtconsole": {
            "version": "==4.5.0"
        },
        "send2trash": {
            "version": "==1.5.0"
        },
        "six": {
            "markers": "python_version >= '2.6' and python_version not in '3.0, 3.1, 3.2, 3.3'",
            "version": "==1.12.0"
        },
        "terminado": {
            "markers": "python_version >= '2.7' and python_version not in '3.0, 3.1, 3.2, 3.3'",
            "version": "==0.8.2"
        },
        "testpath": {
            "version": "==0.4.2"
        },
        "tornado": {
            "markers": "python_version >= '3.5'",
            "version": "==6.0.2"
        },
        "traitlets": {
            "version": "==4.3.2"
        },
        "wcwidth": {
            "version": "==0.1.7"
        },
        "webencodings": {
            "version": "==0.5.1"
        },
        "widgetsnbextension": {
            "version": "==3.4.2"
        }
    },
    "develop": {
        "hello": {
            "editable": true,
            "path": "."
        },
        "numpy": {
            "markers": "python_version >= '2.7' and python_version not in '3.0, 3.1, 3.2, 3.3'",
            "version": "==1.16.3"
        },
        "scipy": {
            "index": "pypi",
            "version": "==1.3.0"
        },
        "widgetsnbextension": {
            "version": "==3.4.2"
        }
    }
}